// Jest Snapshot v1, https://goo.gl/fbAQLP

exports[`Dialog component Renders Dialog component 1`] = `
<div
  className="Dialog"
>
  <h2>
    test form header
  </h2>
  <form
    onSubmit={[Function]}
  >
    <input
      name="name"
      type="text"
    />
  </form>
</div>
`;
