// Jest Snapshot v1, https://goo.gl/fbAQLP

exports[`Doors component Renders door component 1`] = `
<h1>
  Doors
</h1>
`;
